Tree:
                9
               /
              8
             /
            7
           /
          6
         /
        5
       /
      4
     /
    3
   /
  2
 /
1

#nodes = 9,  #leaves = 1
Infix  : 1 2 3 4 5 6 7 8 9 
Prefix : 9 8 7 6 5 4 3 2 1 
Postfix: 1 2 3 4 5 6 7 8 9 
ByLevel: 9 8 7 6 5 4 3 2 1 
